// Jest Snapshot v1, https://goo.gl/fbAQLP

exports[`IconProduct should render 1`] = `
<div>
  <button
    class="icon-product"
    data-testid="logo-icon"
  >
    <img
      alt="Logo"
      data-nimg="1"
      decoding="async"
      height="30"
      loading="lazy"
      src="/_next/image?url=%2Fassets%2FLogo_ML.png&w=96&q=75"
      srcset="/_next/image?url=%2Fassets%2FLogo_ML.png&w=48&q=75 1x, /_next/image?url=%2Fassets%2FLogo_ML.png&w=96&q=75 2x"
      style="color: transparent;"
      width="40"
    />
  </button>
</div>
`;
